-- Configuring done (0.1s)
-- Generating done (0.1s)
-- Build files have been written to: C:/Users/steve/source/repos/ptz-commander/out/build/x64-Release
[1/58] Scanning C:\Users\steve\source\repos\ptz-commander\core\Application.cpp for CXX dependencies
[2/58] Scanning C:\Users\steve\source\repos\ptz-commander\cameras\obsbot\strategies\TailAirStrategy.cpp for CXX dependencies
[3/58] Scanning C:\Users\steve\source\repos\ptz-commander\cameras\obsbot\strategies\TinyFamilyStrategy.cpp for CXX dependencies
[4/58] Scanning C:\Users\steve\source\repos\ptz-commander\main.cpp for CXX dependencies
[5/58] Scanning C:\Users\steve\source\repos\ptz-commander\cameras\visca\ViscaCommands.cpp for CXX dependencies
[6/58] Scanning C:\Users\steve\source\repos\ptz-commander\cameras\PresetStore.cpp for CXX dependencies
[7/58] Scanning C:\Users\steve\source\repos\ptz-commander\commands\Command.cpp for CXX dependencies
[8/58] Scanning C:\Users\steve\source\repos\ptz-commander\cameras\CameraManager.cpp for CXX dependencies
[9/58] Scanning C:\Users\steve\source\repos\ptz-commander\commands\camera\AliasCommand.cpp for CXX dependencies
[10/58] Scanning C:\Users\steve\source\repos\ptz-commander\commands\camera\ListCommand.cpp for CXX dependencies
[11/58] Scanning C:\Users\steve\source\repos\ptz-commander\commands\camera\MoveCommand.cpp for CXX dependencies
[12/58] Scanning C:\Users\steve\source\repos\ptz-commander\cameras\obsbot\ObsbotCameraAdapter.cpp for CXX dependencies
[13/58] Scanning C:\Users\steve\source\repos\ptz-commander\cameras\obsbot\ObsbotCamera.cpp for CXX dependencies
[14/58] Scanning C:\Users\steve\source\repos\ptz-commander\cameras\visca\ViscaCameraAdapter.cpp for CXX dependencies
[15/58] Scanning C:\Users\steve\source\repos\ptz-commander\commands\camera\ShowCommand.cpp for CXX dependencies
[16/58] Scanning C:\Users\steve\source\repos\ptz-commander\commands\console\ClearCommand.cpp for CXX dependencies
[17/58] Scanning C:\Users\steve\source\repos\ptz-commander\commands\preset\ApplyCommand.cpp for CXX dependencies
[18/58] Scanning C:\Users\steve\source\repos\ptz-commander\commands\preset\DiscardCommand.cpp for CXX dependencies
[19/58] Scanning C:\Users\steve\source\repos\ptz-commander\commands\preset\ListCommand.cpp for CXX dependencies
[20/58] Scanning C:\Users\steve\source\repos\ptz-commander\commands\preset\LoadCommand.cpp for CXX dependencies
[21/58] Scanning C:\Users\steve\source\repos\ptz-commander\commands\preset\SaveCommand.cpp for CXX dependencies
[22/58] Scanning C:\Users\steve\source\repos\ptz-commander\cameras\visca\ViscaCamera.cpp for CXX dependencies
[23/58] Scanning C:\Users\steve\source\repos\ptz-commander\commands\preset\StoreCommand.cpp for CXX dependencies
[24/58] Scanning C:\Users\steve\source\repos\ptz-commander\cameras\visca\ViscaDiscovery.cpp for CXX dependencies
[25/58] Scanning C:\Users\steve\source\repos\ptz-commander\cameras\visca\WindowsSerialTransport.cpp for CXX dependencies
[26/58] Scanning C:\Users\steve\source\repos\ptz-commander\commands\snapshot\ListCommand.cpp for CXX dependencies
[27/58] Scanning C:\Users\steve\source\repos\ptz-commander\commands\snapshot\ApplyCommand.cpp for CXX dependencies
[28/58] Scanning C:\Users\steve\source\repos\ptz-commander\commands\camera\PushCommand.cpp for CXX dependencies
[29/58] Generating CXX dyndep file CMakeFiles\ptz_commander.dir\CXX.dd
[30/58] Building CXX object CMakeFiles\ptz_commander.dir\cameras\visca\ViscaCommands.cpp.obj
[31/58] Building CXX object CMakeFiles\ptz_commander.dir\cameras\obsbot\strategies\TailAirStrategy.cpp.obj
[32/58] Building CXX object CMakeFiles\ptz_commander.dir\cameras\obsbot\strategies\TinyFamilyStrategy.cpp.obj
[33/58] Building CXX object CMakeFiles\ptz_commander.dir\main.cpp.obj
[34/58] Building CXX object CMakeFiles\ptz_commander.dir\commands\Command.cpp.obj
[35/58] Building CXX object CMakeFiles\ptz_commander.dir\core\Application.cpp.obj
[36/58] Building CXX object CMakeFiles\ptz_commander.dir\commands\camera\AliasCommand.cpp.obj
[37/58] Building CXX object CMakeFiles\ptz_commander.dir\commands\camera\ListCommand.cpp.obj
[38/58] Building CXX object CMakeFiles\ptz_commander.dir\commands\camera\MoveCommand.cpp.obj
[39/58] Building CXX object CMakeFiles\ptz_commander.dir\commands\camera\ShowCommand.cpp.obj
[40/58] Building CXX object CMakeFiles\ptz_commander.dir\commands\console\ClearCommand.cpp.obj
[41/58] Building CXX object CMakeFiles\ptz_commander.dir\commands\preset\DiscardCommand.cpp.obj
[42/58] Building CXX object CMakeFiles\ptz_commander.dir\commands\camera\PushCommand.cpp.obj
[43/58] Building CXX object CMakeFiles\ptz_commander.dir\cameras\PresetStore.cpp.obj
[44/58] Building CXX object CMakeFiles\ptz_commander.dir\commands\preset\ListCommand.cpp.obj
[45/58] Building CXX object CMakeFiles\ptz_commander.dir\commands\preset\SaveCommand.cpp.obj
[46/58] Building CXX object CMakeFiles\ptz_commander.dir\commands\preset\ApplyCommand.cpp.obj
[47/58] Building CXX object CMakeFiles\ptz_commander.dir\commands\preset\LoadCommand.cpp.obj
[48/58] Building CXX object CMakeFiles\ptz_commander.dir\cameras\CameraManager.cpp.obj
[49/58] Building CXX object CMakeFiles\ptz_commander.dir\cameras\visca\WindowsSerialTransport.cpp.obj
[50/58] Building CXX object CMakeFiles\ptz_commander.dir\commands\preset\StoreCommand.cpp.obj
[51/58] Building CXX object CMakeFiles\ptz_commander.dir\commands\snapshot\ListCommand.cpp.obj
[52/58] Building CXX object CMakeFiles\ptz_commander.dir\commands\snapshot\ApplyCommand.cpp.obj
[53/58] Building CXX object CMakeFiles\ptz_commander.dir\cameras\obsbot\ObsbotCamera.cpp.obj
[54/58] Building CXX object CMakeFiles\ptz_commander.dir\cameras\visca\ViscaCameraAdapter.cpp.obj
[55/58] Building CXX object CMakeFiles\ptz_commander.dir\cameras\visca\ViscaDiscovery.cpp.obj
[56/58] Building CXX object CMakeFiles\ptz_commander.dir\cameras\visca\ViscaCamera.cpp.obj
[57/58] Building CXX object CMakeFiles\ptz_commander.dir\cameras\obsbot\ObsbotCameraAdapter.cpp.obj
[58/58] Linking CXX executable ptz_commander.exe; Copying libdev.dll to output directory
